Traceback (most recent call last):
  File "D:\PhD\The Second Paper\Implementation\GAwLL_python_port\BLuR-GA\run_blur_ga.py", line 784, in <module>
    raise SystemExit(main())
                     ^^^^^^
  File "D:\PhD\The Second Paper\Implementation\GAwLL_python_port\BLuR-GA\run_blur_ga.py", line 777, in main
    return cmd_run_task(args)
           ^^^^^^^^^^^^^^^^^^
  File "D:\PhD\The Second Paper\Implementation\GAwLL_python_port\BLuR-GA\run_blur_ga.py", line 577, in cmd_run_task
    run_oop_args(oop_args)
  File "D:\PhD\The Second Paper\Implementation\GAwLL_python_port\BLuR-GA\run_blur_ga.py", line 410, in run_oop_args
    run_blur_ga_oop.main(oop_args)
  File "D:\PhD\The Second Paper\Implementation\GAwLL_python_port\BLuR-GA\run_blur_ga_oop.py", line 218, in main
    writer = experiment.run(outer_fold_id=args.outer_fold_id, repeat_id=args.repeat_id)
             ^^^^^^^^^^^^^^^^^^^^^^^^^^^^^^^^^^^^^^^^^^^^^^^^^^^^^^^^^^^^^^^^^^^^^^^^^^
  File "D:\PhD\The Second Paper\Implementation\GAwLL_python_port\BLuR-GA\blur_ga\experiment.py", line 46, in run
    row = self._run_one_outer_fold(rep, outer_fold.fold_id, outer_fold.train_indices, outer_fold.test_indices)
          ^^^^^^^^^^^^^^^^^^^^^^^^^^^^^^^^^^^^^^^^^^^^^^^^^^^^^^^^^^^^^^^^^^^^^^^^^^^^^^^^^^^^^^^^^^^^^^^^^^^^
  File "D:\PhD\The Second Paper\Implementation\GAwLL_python_port\BLuR-GA\blur_ga\experiment.py", line 76, in _run_one_outer_fold
    result = selector.run()
             ^^^^^^^^^^^^^^
  File "D:\PhD\The Second Paper\Implementation\GAwLL_python_port\BLuR-GA\blur_ga\engine.py", line 206, in run
    self.population = self._next_generation_standard()
                      ^^^^^^^^^^^^^^^^^^^^^^^^^^^^^^^^
  File "D:\PhD\The Second Paper\Implementation\GAwLL_python_port\BLuR-GA\blur_ga\engine.py", line 632, in _next_generation_standard
    new_pop.append(self._make_individual(self._mutate(c1)))
                   ^^^^^^^^^^^^^^^^^^^^^^^^^^^^^^^^^^^^^^^
  File "D:\PhD\The Second Paper\Implementation\GAwLL_python_port\BLuR-GA\blur_ga\engine.py", line 619, in _make_individual
    return Individual(chrom.astype(np.int8, copy=False), self._evaluate(chrom))
                                                         ^^^^^^^^^^^^^^^^^^^^^
  File "D:\PhD\The Second Paper\Implementation\GAwLL_python_port\BLuR-GA\blur_ga\engine.py", line 252, in _evaluate
    fitness = float(self.evaluator.evaluate(arr))
                    ^^^^^^^^^^^^^^^^^^^^^^^^^^^^
  File "D:\PhD\The Second Paper\Implementation\GAwLL_python_port\BLuR-GA\blur_ga\evaluator.py", line 43, in evaluate
    scores = [self.scorer.score(split, selected) for split in self.splits]
              ^^^^^^^^^^^^^^^^^^^^^^^^^^^^^^^^^^
  File "D:\PhD\The Second Paper\Implementation\GAwLL_python_port\BLuR-GA\blur_ga\knn.py", line 36, in score
    pred = self._predict_classification(X_train, split.y_train.astype(int), X_eval, k, split.n_classes)
           ^^^^^^^^^^^^^^^^^^^^^^^^^^^^^^^^^^^^^^^^^^^^^^^^^^^^^^^^^^^^^^^^^^^^^^^^^^^^^^^^^^^^^^^^^^^^
  File "D:\PhD\The Second Paper\Implementation\GAwLL_python_port\BLuR-GA\blur_ga\knn.py", line 69, in _predict_classification
    nearest = self._nearest_indices(X_train, X_eval, k)
              ^^^^^^^^^^^^^^^^^^^^^^^^^^^^^^^^^^^^^^^^^
  File "D:\PhD\The Second Paper\Implementation\GAwLL_python_port\BLuR-GA\blur_ga\knn.py", line 55, in _nearest_indices
    np.maximum(dists, 0.0, out=dists)
KeyboardInterrupt
