Traceback (most recent call last):
  File "D:\PhD\The Second Paper\Implementation\GAwLL_python_port\BLuR-GA\run_blur_ga.py", line 24, in <module>
    import run_blur_ga_oop
  File "D:\PhD\The Second Paper\Implementation\GAwLL_python_port\BLuR-GA\run_blur_ga_oop.py", line 7, in <module>
    from blur_ga.config import ExperimentConfig, GAConfig
  File "D:\PhD\The Second Paper\Implementation\GAwLL_python_port\BLuR-GA\blur_ga\__init__.py", line 4, in <module>
    from .config import GAConfig, ExperimentConfig
  File "D:\PhD\The Second Paper\Implementation\GAwLL_python_port\BLuR-GA\blur_ga\config.py", line 7, in <module>
    from .building_blocks import BBWeightMode
  File "D:\PhD\The Second Paper\Implementation\GAwLL_python_port\BLuR-GA\blur_ga\building_blocks.py", line 25, in <module>
    from scipy.cluster.hierarchy import linkage, to_tree
  File "C:\Users\nhatn\AppData\Roaming\Python\Python312\site-packages\scipy\cluster\__init__.py", line 27, in <module>
    from . import vq, hierarchy
  File "C:\Users\nhatn\AppData\Roaming\Python\Python312\site-packages\scipy\cluster\vq.py", line 70, in <module>
    from scipy._lib._array_api import (_asarray, array_namespace, is_lazy_array,
  File "C:\Users\nhatn\AppData\Roaming\Python\Python312\site-packages\scipy\_lib\_array_api.py", line 25, in <module>
    from scipy._lib.array_api_compat import (
  File "C:\Users\nhatn\AppData\Roaming\Python\Python312\site-packages\scipy\_lib\array_api_compat\numpy\__init__.py", line 4, in <module>
    from numpy import *  # noqa: F403  # pyright: ignore[reportWildcardImportFromLibrary]
    ^^^^^^^^^^^^^^^^^^^
  File "<frozen importlib._bootstrap>", line 1410, in _handle_fromlist
  File "<frozen importlib._bootstrap>", line 1412, in _handle_fromlist
  File "C:\Users\nhatn\AppData\Roaming\Python\Python312\site-packages\numpy\__init__.py", line 749, in __getattr__
    import numpy.testing as testing
  File "C:\Users\nhatn\AppData\Roaming\Python\Python312\site-packages\numpy\testing\__init__.py", line 8, in <module>
    from unittest import TestCase
  File "C:\Python312\Lib\unittest\__init__.py", line 66, in <module>
    from .main import TestProgram, main
  File "C:\Python312\Lib\unittest\main.py", line 8, in <module>
    from . import loader, runner
KeyboardInterrupt
