Traceback (most recent call last):
  File "D:\PhD\The Second Paper\Implementation\GAwLL_python_port\BLuR-GA\run_blur_ga.py", line 784, in <module>
    raise SystemExit(main())
                     ^^^^^^
  File "D:\PhD\The Second Paper\Implementation\GAwLL_python_port\BLuR-GA\run_blur_ga.py", line 777, in main
    return cmd_run_task(args)
           ^^^^^^^^^^^^^^^^^^
  File "D:\PhD\The Second Paper\Implementation\GAwLL_python_port\BLuR-GA\run_blur_ga.py", line 577, in cmd_run_task
    run_oop_args(oop_args)
  File "D:\PhD\The Second Paper\Implementation\GAwLL_python_port\BLuR-GA\run_blur_ga.py", line 410, in run_oop_args
    run_blur_ga_oop.main(oop_args)
  File "D:\PhD\The Second Paper\Implementation\GAwLL_python_port\BLuR-GA\run_blur_ga_oop.py", line 218, in main
    writer = experiment.run(outer_fold_id=args.outer_fold_id, repeat_id=args.repeat_id)
             ^^^^^^^^^^^^^^^^^^^^^^^^^^^^^^^^^^^^^^^^^^^^^^^^^^^^^^^^^^^^^^^^^^^^^^^^^^
  File "D:\PhD\The Second Paper\Implementation\GAwLL_python_port\BLuR-GA\blur_ga\experiment.py", line 46, in run
    row = self._run_one_outer_fold(rep, outer_fold.fold_id, outer_fold.train_indices, outer_fold.test_indices)
          ^^^^^^^^^^^^^^^^^^^^^^^^^^^^^^^^^^^^^^^^^^^^^^^^^^^^^^^^^^^^^^^^^^^^^^^^^^^^^^^^^^^^^^^^^^^^^^^^^^^^
  File "D:\PhD\The Second Paper\Implementation\GAwLL_python_port\BLuR-GA\blur_ga\experiment.py", line 70, in _run_one_outer_fold
    inner_splits.append(make_split(self.dataset, train_global, val_global))
                        ^^^^^^^^^^^^^^^^^^^^^^^^^^^^^^^^^^^^^^^^^^^^^^^^^^
  File "D:\PhD\The Second Paper\Implementation\GAwLL_python_port\BLuR-GA\blur_ga\splitting.py", line 61, in make_split
    return SupervisedSplit(
           ^^^^^^^^^^^^^^^^
  File "<string>", line 2, in __init__
KeyboardInterrupt
